Archive member included to satisfy reference by file (symbol)

/usr/lib/gcc/avr/5.4.0/avrxmega6/libgcc.a(_exit.o)
                              /usr/lib/gcc/avr/5.4.0/../../../avr/lib/avrxmega6/crtatxmega128a3u.o (exit)
/usr/lib/gcc/avr/5.4.0/avrxmega6/libgcc.a(_copy_data.o)
                              build/fpga.o (__do_copy_data)
/usr/lib/gcc/avr/5.4.0/avrxmega6/libgcc.a(_clear_bss.o)
                              build/console.o (__do_clear_bss)
/usr/lib/gcc/avr/5.4.0/../../../avr/lib/avrxmega6/libc.a(vsnprintf.o)
                              build/console.o (vsnprintf)
/usr/lib/gcc/avr/5.4.0/../../../avr/lib/avrxmega6/libc.a(vfprintf_std.o)
                              /usr/lib/gcc/avr/5.4.0/../../../avr/lib/avrxmega6/libc.a(vsnprintf.o) (vfprintf)
/usr/lib/gcc/avr/5.4.0/../../../avr/lib/avrxmega6/libc.a(strnlen_P.o)
                              /usr/lib/gcc/avr/5.4.0/../../../avr/lib/avrxmega6/libc.a(vfprintf_std.o) (strnlen_P)
/usr/lib/gcc/avr/5.4.0/../../../avr/lib/avrxmega6/libc.a(strnlen.o)
                              /usr/lib/gcc/avr/5.4.0/../../../avr/lib/avrxmega6/libc.a(vfprintf_std.o) (strnlen)
/usr/lib/gcc/avr/5.4.0/../../../avr/lib/avrxmega6/libc.a(fputc.o)
                              /usr/lib/gcc/avr/5.4.0/../../../avr/lib/avrxmega6/libc.a(vfprintf_std.o) (fputc)
/usr/lib/gcc/avr/5.4.0/../../../avr/lib/avrxmega6/libc.a(ultoa_invert.o)
                              /usr/lib/gcc/avr/5.4.0/../../../avr/lib/avrxmega6/libc.a(vfprintf_std.o) (__ultoa_invert)

Allocating common symbols
Common symbol       size              file

USART_data          0x8e              build/console.o
spiMasterC          0x7               build/fpga.o

Discarded input sections

 .data          0x0000000000000000        0x0 /usr/lib/gcc/avr/5.4.0/../../../avr/lib/avrxmega6/crtatxmega128a3u.o
 .bss           0x0000000000000000        0x0 /usr/lib/gcc/avr/5.4.0/../../../avr/lib/avrxmega6/crtatxmega128a3u.o
 .text          0x0000000000000000        0x0 build/console.o
 .data          0x0000000000000000        0x0 build/console.o
 .bss           0x0000000000000000        0x0 build/console.o
 .text.console_rts_set
                0x0000000000000000        0xa build/console.o
 .text.console_debug
                0x0000000000000000        0x2 build/console.o
 .text          0x0000000000000000        0x0 build/TC_driver.o
 .data          0x0000000000000000        0x0 build/TC_driver.o
 .bss           0x0000000000000000        0x0 build/TC_driver.o
 .text.TC1_ConfigClockSource
                0x0000000000000000        0xc build/TC_driver.o
 .text.TC1_ConfigWGM
                0x0000000000000000        0xc build/TC_driver.o
 .text.TC0_ConfigInputCapture
                0x0000000000000000        0xe build/TC_driver.o
 .text.TC1_ConfigInputCapture
                0x0000000000000000        0xe build/TC_driver.o
 .text.TC0_EnableCCChannels
                0x0000000000000000        0xc build/TC_driver.o
 .text.TC1_EnableCCChannels
                0x0000000000000000        0xc build/TC_driver.o
 .text.TC0_DisableCCChannels
                0x0000000000000000        0xe build/TC_driver.o
 .text.TC1_DisableCCChannels
                0x0000000000000000        0xe build/TC_driver.o
 .text.TC1_SetOverflowIntLevel
                0x0000000000000000        0xc build/TC_driver.o
 .text.TC0_SetErrorIntLevel
                0x0000000000000000        0xc build/TC_driver.o
 .text.TC1_SetErrorIntLevel
                0x0000000000000000        0xc build/TC_driver.o
 .text.TC0_SetCCAIntLevel
                0x0000000000000000        0xc build/TC_driver.o
 .text.TC1_SetCCAIntLevel
                0x0000000000000000        0xc build/TC_driver.o
 .text.TC0_SetCCBIntLevel
                0x0000000000000000        0xc build/TC_driver.o
 .text.TC1_SetCCBIntLevel
                0x0000000000000000        0xc build/TC_driver.o
 .text.TC0_SetCCCIntLevel
                0x0000000000000000        0xc build/TC_driver.o
 .text.TC0_SetCCDIntLevel
                0x0000000000000000        0xc build/TC_driver.o
 .text.TC0_Reset
                0x0000000000000000        0xe build/TC_driver.o
 .text.TC1_Reset
                0x0000000000000000        0xe build/TC_driver.o
 .text          0x0000000000000000        0x0 build/adt7311_driver.o
 .data          0x0000000000000000        0x0 build/adt7311_driver.o
 .bss           0x0000000000000000        0x0 build/adt7311_driver.o
 .stab          0x0000000000000000      0x27c build/adt7311_driver.o
                                        0x288 (size before relaxing)
 .comment       0x0000000000000000       0x12 build/adt7311_driver.o
 .text          0x0000000000000000        0x0 build/clksys_driver.o
 .data          0x0000000000000000        0x0 build/clksys_driver.o
 .bss           0x0000000000000000        0x0 build/clksys_driver.o
 .text.CCPWrite
                0x0000000000000000       0x2a build/clksys_driver.o
 .text.CLKSYS_Prescalers_Config
                0x0000000000000000        0xa build/clksys_driver.o
 .text.CLKSYS_Main_ClockSource_Select
                0x0000000000000000       0x2a build/clksys_driver.o
 .text.CLKSYS_RTC_ClockSource_Enable
                0x0000000000000000       0x10 build/clksys_driver.o
 .text.CLKSYS_AutoCalibration_Enable
                0x0000000000000000       0x28 build/clksys_driver.o
 .text.CLKSYS_XOSC_FailureDetection_Enable
                0x0000000000000000        0xa build/clksys_driver.o
 .text.CLKSYS_Configuration_Lock
                0x0000000000000000        0xa build/clksys_driver.o
 .text          0x0000000000000000        0x0 build/eeprom_driver.o
 .data          0x0000000000000000        0x0 build/eeprom_driver.o
 .bss           0x0000000000000000        0x0 build/eeprom_driver.o
 .stab          0x0000000000000000      0x984 build/eeprom_driver.o
                                       0x1c8c (size before relaxing)
 .text.EEPROM_WaitForNVM
                0x0000000000000000        0xa build/eeprom_driver.o
 .text.EEPROM_ReadByte
                0x0000000000000000       0x4a build/eeprom_driver.o
 .text.EEPROM_FlushBuffer
                0x0000000000000000       0x30 build/eeprom_driver.o
 .text.EEPROM_WriteByte
                0x0000000000000000       0x54 build/eeprom_driver.o
 .text.EEPROM_LoadByte
                0x0000000000000000       0x22 build/eeprom_driver.o
 .text.EEPROM_LoadPage
                0x0000000000000000       0x30 build/eeprom_driver.o
 .text.EEPROM_AtomicWritePage
                0x0000000000000000       0x3e build/eeprom_driver.o
 .text.EEPROM_ErasePage
                0x0000000000000000       0x3e build/eeprom_driver.o
 .text.EEPROM_SplitWritePage
                0x0000000000000000       0x3e build/eeprom_driver.o
 .text.EEPROM_EraseAll
                0x0000000000000000       0x28 build/eeprom_driver.o
 .comment       0x0000000000000000       0x12 build/eeprom_driver.o
 .text          0x0000000000000000        0x0 build/pmic_driver.o
 .data          0x0000000000000000        0x0 build/pmic_driver.o
 .bss           0x0000000000000000        0x0 build/pmic_driver.o
 .stab          0x0000000000000000      0x414 build/pmic_driver.o
                                       0x171c (size before relaxing)
 .text.PMIC_SetVectorLocationToBoot
                0x0000000000000000       0x10 build/pmic_driver.o
 .text.PMIC_SetVectorLocationToApplication
                0x0000000000000000       0x10 build/pmic_driver.o
 .comment       0x0000000000000000       0x12 build/pmic_driver.o
 .text          0x0000000000000000        0x0 build/port_driver.o
 .data          0x0000000000000000        0x0 build/port_driver.o
 .bss           0x0000000000000000        0x0 build/port_driver.o
 .text.PORT_MapVirtualPort0
                0x0000000000000000        0xe build/port_driver.o
 .text.PORT_MapVirtualPort1
                0x0000000000000000        0xe build/port_driver.o
 .text.PORT_MapVirtualPort2
                0x0000000000000000        0xe build/port_driver.o
 .text.PORT_MapVirtualPort3
                0x0000000000000000        0xe build/port_driver.o
 .text          0x0000000000000000        0x0 build/spi_driver.o
 .data          0x0000000000000000        0x0 build/spi_driver.o
 .bss           0x0000000000000000        0x0 build/spi_driver.o
 .text.SPI_SlaveInit
                0x0000000000000000       0x36 build/spi_driver.o
 .text.SPI_MasterCreateDataPacket
                0x0000000000000000       0x24 build/spi_driver.o
 .text.SPI_MasterInterruptHandler
                0x0000000000000000       0x80 build/spi_driver.o
 .text.SPI_MasterInterruptTransceivePacket
                0x0000000000000000       0x70 build/spi_driver.o
 .text.SPI_MasterTransceiveByte
                0x0000000000000000       0x18 build/spi_driver.o
 .text.SPI_MasterTransceivePacket
                0x0000000000000000       0x9c build/spi_driver.o
 .text          0x0000000000000000        0x0 build/twi_master_driver.o
 .data          0x0000000000000000        0x0 build/twi_master_driver.o
 .bss           0x0000000000000000        0x0 build/twi_master_driver.o
 .stab          0x0000000000000000      0xbe8 build/twi_master_driver.o
                                       0x1ef0 (size before relaxing)
 .text.TWI_MasterInit
                0x0000000000000000       0x22 build/twi_master_driver.o
 .text.TWI_MasterState
                0x0000000000000000        0xc build/twi_master_driver.o
 .text.TWI_MasterReady
                0x0000000000000000        0x8 build/twi_master_driver.o
 .text.TWI_MasterWriteRead
                0x0000000000000000       0x6e build/twi_master_driver.o
 .text.TWI_MasterWrite
                0x0000000000000000        0xc build/twi_master_driver.o
 .text.TWI_MasterRead
                0x0000000000000000       0x12 build/twi_master_driver.o
 .text.TWI_MasterArbitrationLostBusErrorHandler
                0x0000000000000000       0x22 build/twi_master_driver.o
 .text.TWI_MasterWriteHandler
                0x0000000000000000       0x60 build/twi_master_driver.o
 .text.TWI_MasterReadHandler
                0x0000000000000000       0x52 build/twi_master_driver.o
 .text.TWI_MasterInterruptHandler
                0x0000000000000000       0x28 build/twi_master_driver.o
 .text.TWI_MasterTransactionFinished
                0x0000000000000000        0x8 build/twi_master_driver.o
 .comment       0x0000000000000000       0x12 build/twi_master_driver.o
 .text          0x0000000000000000        0x0 build/usart_driver.o
 .data          0x0000000000000000        0x0 build/usart_driver.o
 .bss           0x0000000000000000        0x0 build/usart_driver.o
 .text.USART_InterruptDriver_DreInterruptLevel_Set
                0x0000000000000000        0x6 build/usart_driver.o
 .text.USART_RXBufferData_Available
                0x0000000000000000       0x16 build/usart_driver.o
 .text.USART_RXBuffer_GetByte
                0x0000000000000000       0x1c build/usart_driver.o
 .text.USART_NineBits_PutChar
                0x0000000000000000       0x14 build/usart_driver.o
 .text.USART_NineBits_GetChar
                0x0000000000000000       0x16 build/usart_driver.o
 .text          0x0000000000000000        0x0 build/fpga.o
 .data          0x0000000000000000        0x0 build/fpga.o
 .bss           0x0000000000000000        0x0 build/fpga.o
 .text.fpga_exchange_data
                0x0000000000000000       0x64 build/fpga.o
 .bss.fpga_comm_request
                0x0000000000000000        0x1 build/fpga.o
 .text          0x0000000000000000        0x0 build/io.o
 .data          0x0000000000000000        0x0 build/io.o
 .bss           0x0000000000000000        0x0 build/io.o
 .text          0x0000000000000000        0x0 build/main.o
 .data          0x0000000000000000        0x0 build/main.o
 .bss           0x0000000000000000        0x0 build/main.o
 .text          0x0000000000000000        0x0 build/system.o
 .data          0x0000000000000000        0x0 build/system.o
 .bss           0x0000000000000000        0x0 build/system.o
 .text.system_reset
                0x0000000000000000       0x28 build/system.o
 .text          0x0000000000000000        0x0 build/ths788.o
 .data          0x0000000000000000        0x0 build/ths788.o
 .bss           0x0000000000000000        0x0 build/ths788.o
 .stab          0x0000000000000000      0x3a8 build/ths788.o
                                       0x16bc (size before relaxing)
 .text.ths788_init
                0x0000000000000000        0x2 build/ths788.o
 .text.ths788_data_write
                0x0000000000000000        0x2 build/ths788.o
 .comment       0x0000000000000000       0x12 build/ths788.o
 .text          0x0000000000000000        0x0 build/timer.o
 .data          0x0000000000000000        0x0 build/timer.o
 .bss           0x0000000000000000        0x0 build/timer.o
 .text          0x0000000000000000        0x0 /usr/lib/gcc/avr/5.4.0/avrxmega6/libgcc.a(_exit.o)
 .data          0x0000000000000000        0x0 /usr/lib/gcc/avr/5.4.0/avrxmega6/libgcc.a(_exit.o)
 .bss           0x0000000000000000        0x0 /usr/lib/gcc/avr/5.4.0/avrxmega6/libgcc.a(_exit.o)
 .text.libgcc.mul
                0x0000000000000000        0x0 /usr/lib/gcc/avr/5.4.0/avrxmega6/libgcc.a(_exit.o)
 .text.libgcc.div
                0x0000000000000000        0x0 /usr/lib/gcc/avr/5.4.0/avrxmega6/libgcc.a(_exit.o)
 .text.libgcc   0x0000000000000000        0x0 /usr/lib/gcc/avr/5.4.0/avrxmega6/libgcc.a(_exit.o)
 .text.libgcc.prologue
                0x0000000000000000        0x0 /usr/lib/gcc/avr/5.4.0/avrxmega6/libgcc.a(_exit.o)
 .text.libgcc.builtins
                0x0000000000000000        0x0 /usr/lib/gcc/avr/5.4.0/avrxmega6/libgcc.a(_exit.o)
 .text.libgcc.fmul
                0x0000000000000000        0x0 /usr/lib/gcc/avr/5.4.0/avrxmega6/libgcc.a(_exit.o)
 .text.libgcc.fixed
                0x0000000000000000        0x0 /usr/lib/gcc/avr/5.4.0/avrxmega6/libgcc.a(_exit.o)
 .text          0x0000000000000000        0x0 /usr/lib/gcc/avr/5.4.0/avrxmega6/libgcc.a(_copy_data.o)
 .data          0x0000000000000000        0x0 /usr/lib/gcc/avr/5.4.0/avrxmega6/libgcc.a(_copy_data.o)
 .bss           0x0000000000000000        0x0 /usr/lib/gcc/avr/5.4.0/avrxmega6/libgcc.a(_copy_data.o)
 .text.libgcc.mul
                0x0000000000000000        0x0 /usr/lib/gcc/avr/5.4.0/avrxmega6/libgcc.a(_copy_data.o)
 .text.libgcc.div
                0x0000000000000000        0x0 /usr/lib/gcc/avr/5.4.0/avrxmega6/libgcc.a(_copy_data.o)
 .text.libgcc   0x0000000000000000        0x0 /usr/lib/gcc/avr/5.4.0/avrxmega6/libgcc.a(_copy_data.o)
 .text.libgcc.prologue
                0x0000000000000000        0x0 /usr/lib/gcc/avr/5.4.0/avrxmega6/libgcc.a(_copy_data.o)
 .text.libgcc.builtins
                0x0000000000000000        0x0 /usr/lib/gcc/avr/5.4.0/avrxmega6/libgcc.a(_copy_data.o)
 .text.libgcc.fmul
                0x0000000000000000        0x0 /usr/lib/gcc/avr/5.4.0/avrxmega6/libgcc.a(_copy_data.o)
 .text.libgcc.fixed
                0x0000000000000000        0x0 /usr/lib/gcc/avr/5.4.0/avrxmega6/libgcc.a(_copy_data.o)
 .text          0x0000000000000000        0x0 /usr/lib/gcc/avr/5.4.0/avrxmega6/libgcc.a(_clear_bss.o)
 .data          0x0000000000000000        0x0 /usr/lib/gcc/avr/5.4.0/avrxmega6/libgcc.a(_clear_bss.o)
 .bss           0x0000000000000000        0x0 /usr/lib/gcc/avr/5.4.0/avrxmega6/libgcc.a(_clear_bss.o)
 .text.libgcc.mul
                0x0000000000000000        0x0 /usr/lib/gcc/avr/5.4.0/avrxmega6/libgcc.a(_clear_bss.o)
 .text.libgcc.div
                0x0000000000000000        0x0 /usr/lib/gcc/avr/5.4.0/avrxmega6/libgcc.a(_clear_bss.o)
 .text.libgcc   0x0000000000000000        0x0 /usr/lib/gcc/avr/5.4.0/avrxmega6/libgcc.a(_clear_bss.o)
 .text.libgcc.prologue
                0x0000000000000000        0x0 /usr/lib/gcc/avr/5.4.0/avrxmega6/libgcc.a(_clear_bss.o)
 .text.libgcc.builtins
                0x0000000000000000        0x0 /usr/lib/gcc/avr/5.4.0/avrxmega6/libgcc.a(_clear_bss.o)
 .text.libgcc.fmul
                0x0000000000000000        0x0 /usr/lib/gcc/avr/5.4.0/avrxmega6/libgcc.a(_clear_bss.o)
 .text.libgcc.fixed
                0x0000000000000000        0x0 /usr/lib/gcc/avr/5.4.0/avrxmega6/libgcc.a(_clear_bss.o)
 .text          0x0000000000000000        0x0 /usr/lib/gcc/avr/5.4.0/../../../avr/lib/avrxmega6/libc.a(vsnprintf.o)
 .data          0x0000000000000000        0x0 /usr/lib/gcc/avr/5.4.0/../../../avr/lib/avrxmega6/libc.a(vsnprintf.o)
 .bss           0x0000000000000000        0x0 /usr/lib/gcc/avr/5.4.0/../../../avr/lib/avrxmega6/libc.a(vsnprintf.o)
 .text          0x0000000000000000        0x0 /usr/lib/gcc/avr/5.4.0/../../../avr/lib/avrxmega6/libc.a(vfprintf_std.o)
 .data          0x0000000000000000        0x0 /usr/lib/gcc/avr/5.4.0/../../../avr/lib/avrxmega6/libc.a(vfprintf_std.o)
 .bss           0x0000000000000000        0x0 /usr/lib/gcc/avr/5.4.0/../../../avr/lib/avrxmega6/libc.a(vfprintf_std.o)
 .text          0x0000000000000000        0x0 /usr/lib/gcc/avr/5.4.0/../../../avr/lib/avrxmega6/libc.a(strnlen_P.o)
 .data          0x0000000000000000        0x0 /usr/lib/gcc/avr/5.4.0/../../../avr/lib/avrxmega6/libc.a(strnlen_P.o)
 .bss           0x0000000000000000        0x0 /usr/lib/gcc/avr/5.4.0/../../../avr/lib/avrxmega6/libc.a(strnlen_P.o)
 .text          0x0000000000000000        0x0 /usr/lib/gcc/avr/5.4.0/../../../avr/lib/avrxmega6/libc.a(strnlen.o)
 .data          0x0000000000000000        0x0 /usr/lib/gcc/avr/5.4.0/../../../avr/lib/avrxmega6/libc.a(strnlen.o)
 .bss           0x0000000000000000        0x0 /usr/lib/gcc/avr/5.4.0/../../../avr/lib/avrxmega6/libc.a(strnlen.o)
 .text          0x0000000000000000        0x0 /usr/lib/gcc/avr/5.4.0/../../../avr/lib/avrxmega6/libc.a(fputc.o)
 .data          0x0000000000000000        0x0 /usr/lib/gcc/avr/5.4.0/../../../avr/lib/avrxmega6/libc.a(fputc.o)
 .bss           0x0000000000000000        0x0 /usr/lib/gcc/avr/5.4.0/../../../avr/lib/avrxmega6/libc.a(fputc.o)
 .text          0x0000000000000000        0x0 /usr/lib/gcc/avr/5.4.0/../../../avr/lib/avrxmega6/libc.a(ultoa_invert.o)
 .data          0x0000000000000000        0x0 /usr/lib/gcc/avr/5.4.0/../../../avr/lib/avrxmega6/libc.a(ultoa_invert.o)
 .bss           0x0000000000000000        0x0 /usr/lib/gcc/avr/5.4.0/../../../avr/lib/avrxmega6/libc.a(ultoa_invert.o)

Memory Configuration

Name             Origin             Length             Attributes
text             0x0000000000000000 0x0000000000022000 xr
data             0x0000000000802000 0x0000000000002000 rw !x
eeprom           0x0000000000810000 0x0000000000000800 rw !x
fuse             0x0000000000820000 0x0000000000000006 rw !x
lock             0x0000000000830000 0x0000000000000400 rw !x
signature        0x0000000000840000 0x0000000000000400 rw !x
user_signatures  0x0000000000850000 0x0000000000000400 rw !x
*default*        0x0000000000000000 0xffffffffffffffff

Linker script and memory map

LOAD /usr/lib/gcc/avr/5.4.0/../../../avr/lib/avrxmega6/crtatxmega128a3u.o
LOAD build/console.o
LOAD build/TC_driver.o
LOAD build/adt7311_driver.o
LOAD build/clksys_driver.o
LOAD build/eeprom_driver.o
LOAD build/pmic_driver.o
LOAD build/port_driver.o
LOAD build/spi_driver.o
LOAD build/twi_master_driver.o
LOAD build/usart_driver.o
LOAD build/fpga.o
LOAD build/io.o
LOAD build/main.o
LOAD build/system.o
LOAD build/ths788.o
LOAD build/timer.o
START GROUP
LOAD /usr/lib/gcc/avr/5.4.0/avrxmega6/libgcc.a
LOAD /usr/lib/gcc/avr/5.4.0/../../../avr/lib/avrxmega6/libm.a
LOAD /usr/lib/gcc/avr/5.4.0/../../../avr/lib/avrxmega6/libc.a
LOAD /usr/lib/gcc/avr/5.4.0/../../../avr/lib/avrxmega6/libatxmega128a3u.a
END GROUP
                [0x0000000000000000]                __TEXT_REGION_ORIGIN__ = DEFINED (__TEXT_REGION_ORIGIN__)?__TEXT_REGION_ORIGIN__:0x0
                [0x0000000000802000]                __DATA_REGION_ORIGIN__ = DEFINED (__DATA_REGION_ORIGIN__)?__DATA_REGION_ORIGIN__:0x802000
                [0x0000000000022000]                __TEXT_REGION_LENGTH__ = DEFINED (__TEXT_REGION_LENGTH__)?__TEXT_REGION_LENGTH__:0x100000
                [0x0000000000002000]                __DATA_REGION_LENGTH__ = DEFINED (__DATA_REGION_LENGTH__)?__DATA_REGION_LENGTH__:0xffa0
                [0x0000000000000800]                __EEPROM_REGION_LENGTH__ = DEFINED (__EEPROM_REGION_LENGTH__)?__EEPROM_REGION_LENGTH__:0x10000
                [0x0000000000000006]                __FUSE_REGION_LENGTH__ = DEFINED (__FUSE_REGION_LENGTH__)?__FUSE_REGION_LENGTH__:0x400
                0x0000000000000400                __LOCK_REGION_LENGTH__ = DEFINED (__LOCK_REGION_LENGTH__)?__LOCK_REGION_LENGTH__:0x400
                0x0000000000000400                __SIGNATURE_REGION_LENGTH__ = DEFINED (__SIGNATURE_REGION_LENGTH__)?__SIGNATURE_REGION_LENGTH__:0x400
                0x0000000000000400                __USER_SIGNATURE_REGION_LENGTH__ = DEFINED (__USER_SIGNATURE_REGION_LENGTH__)?__USER_SIGNATURE_REGION_LENGTH__:0x400

.hash
 *(.hash)

.dynsym
 *(.dynsym)

.dynstr
 *(.dynstr)

.gnu.version
 *(.gnu.version)

.gnu.version_d
 *(.gnu.version_d)

.gnu.version_r
 *(.gnu.version_r)

.rel.init
 *(.rel.init)

.rela.init
 *(.rela.init)

.rel.text
 *(.rel.text)
 *(.rel.text.*)
 *(.rel.gnu.linkonce.t*)

.rela.text
 *(.rela.text)
 *(.rela.text.*)
 *(.rela.gnu.linkonce.t*)

.rel.fini
 *(.rel.fini)

.rela.fini
 *(.rela.fini)

.rel.rodata
 *(.rel.rodata)
 *(.rel.rodata.*)
 *(.rel.gnu.linkonce.r*)

.rela.rodata
 *(.rela.rodata)
 *(.rela.rodata.*)
 *(.rela.gnu.linkonce.r*)

.rel.data
 *(.rel.data)
 *(.rel.data.*)
 *(.rel.gnu.linkonce.d*)

.rela.data
 *(.rela.data)
 *(.rela.data.*)
 *(.rela.gnu.linkonce.d*)

.rel.ctors
 *(.rel.ctors)

.rela.ctors
 *(.rela.ctors)

.rel.dtors
 *(.rel.dtors)

.rela.dtors
 *(.rela.dtors)

.rel.got
 *(.rel.got)

.rela.got
 *(.rela.got)

.rel.bss
 *(.rel.bss)

.rela.bss
 *(.rela.bss)

.rel.plt
 *(.rel.plt)

.rela.plt
 *(.rela.plt)

.text           0x0000000000000000     0x1472
 *(.vectors)
 .vectors       0x0000000000000000      0x1fc /usr/lib/gcc/avr/5.4.0/../../../avr/lib/avrxmega6/crtatxmega128a3u.o
                0x0000000000000000                __vectors
                0x0000000000000000                __vector_default
 *(.vectors)
 *(.progmem.gcc*)
                0x00000000000001fc                . = ALIGN (0x2)
                0x00000000000001fc                __trampolines_start = .
 *(.trampolines)
 .trampolines   0x00000000000001fc        0x0 linker stubs
 *(.trampolines*)
                0x00000000000001fc                __trampolines_end = .
 *libprintf_flt.a:*(.progmem.data)
 *libc.a:*(.progmem.data)
 *(.progmem*)
                0x00000000000001fc                . = ALIGN (0x2)
 *(.jumptables)
 *(.jumptables*)
 *(.lowtext)
 *(.lowtext*)
                0x00000000000001fc                __ctors_start = .
 *(.ctors)
                0x00000000000001fc                __ctors_end = .
                0x00000000000001fc                __dtors_start = .
 *(.dtors)
                0x00000000000001fc                __dtors_end = .
 SORT(*)(.ctors)
 SORT(*)(.dtors)
 *(.init0)
 .init0         0x00000000000001fc        0x0 /usr/lib/gcc/avr/5.4.0/../../../avr/lib/avrxmega6/crtatxmega128a3u.o
                0x00000000000001fc                __init
 *(.init0)
 *(.init1)
 *(.init1)
 *(.init2)
 .init2         0x00000000000001fc       0x10 /usr/lib/gcc/avr/5.4.0/../../../avr/lib/avrxmega6/crtatxmega128a3u.o
 *(.init2)
 *(.init3)
 *(.init3)
 *(.init4)
 .init4         0x000000000000020c       0x1a /usr/lib/gcc/avr/5.4.0/avrxmega6/libgcc.a(_copy_data.o)
                0x000000000000020c                __do_copy_data
 .init4         0x0000000000000226       0x10 /usr/lib/gcc/avr/5.4.0/avrxmega6/libgcc.a(_clear_bss.o)
                0x0000000000000226                __do_clear_bss
 *(.init4)
 *(.init5)
 *(.init5)
 *(.init6)
 *(.init6)
 *(.init7)
 *(.init7)
 *(.init8)
 *(.init8)
 *(.init9)
 .init9         0x0000000000000236        0x8 /usr/lib/gcc/avr/5.4.0/../../../avr/lib/avrxmega6/crtatxmega128a3u.o
 *(.init9)
 *(.text)
 .text          0x000000000000023e        0x4 /usr/lib/gcc/avr/5.4.0/../../../avr/lib/avrxmega6/crtatxmega128a3u.o
                0x000000000000023e                __vector_38
                0x000000000000023e                __vector_22
                0x000000000000023e                __vector_63
                0x000000000000023e                __vector_28
                0x000000000000023e                __vector_67
                0x000000000000023e                __vector_1
                0x000000000000023e                __vector_32
                0x000000000000023e                __vector_75
                0x000000000000023e                __vector_71
                0x000000000000023e                __vector_91
                0x000000000000023e                __vector_34
                0x000000000000023e                __vector_62
                0x000000000000023e                __vector_77
                0x000000000000023e                __vector_102
                0x000000000000023e                __vector_24
                0x000000000000023e                __vector_12
                0x000000000000023e                __vector_55
                0x000000000000023e                __vector_69
                0x000000000000023e                __vector_81
                0x000000000000023e                __vector_90
                0x000000000000023e                __vector_46
                0x000000000000023e                __bad_interrupt
                0x000000000000023e                __vector_122
                0x000000000000023e                __vector_72
                0x000000000000023e                __vector_114
                0x000000000000023e                __vector_6
                0x000000000000023e                __vector_110
                0x000000000000023e                __vector_31
                0x000000000000023e                __vector_92
                0x000000000000023e                __vector_35
                0x000000000000023e                __vector_78
                0x000000000000023e                __vector_74
                0x000000000000023e                __vector_117
                0x000000000000023e                __vector_39
                0x000000000000023e                __vector_107
                0x000000000000023e                __vector_3
                0x000000000000023e                __vector_105
                0x000000000000023e                __vector_98
                0x000000000000023e                __vector_23
                0x000000000000023e                __vector_68
                0x000000000000023e                __vector_30
                0x000000000000023e                __vector_73
                0x000000000000023e                __vector_45
                0x000000000000023e                __vector_25
                0x000000000000023e                __vector_93
                0x000000000000023e                __vector_61
                0x000000000000023e                __vector_11
                0x000000000000023e                __vector_54
                0x000000000000023e                __vector_99
                0x000000000000023e                __vector_13
                0x000000000000023e                __vector_17
                0x000000000000023e                __vector_19
                0x000000000000023e                __vector_56
                0x000000000000023e                __vector_7
                0x000000000000023e                __vector_125
                0x000000000000023e                __vector_49
                0x000000000000023e                __vector_123
                0x000000000000023e                __vector_41
                0x000000000000023e                __vector_86
                0x000000000000023e                __vector_100
                0x000000000000023e                __vector_101
                0x000000000000023e                __vector_88
                0x000000000000023e                __vector_109
                0x000000000000023e                __vector_27
                0x000000000000023e                __vector_5
                0x000000000000023e                __vector_113
                0x000000000000023e                __vector_33
                0x000000000000023e                __vector_76
                0x000000000000023e                __vector_115
                0x000000000000023e                __vector_47
                0x000000000000023e                __vector_52
                0x000000000000023e                __vector_37
                0x000000000000023e                __vector_95
                0x000000000000023e                __vector_103
                0x000000000000023e                __vector_96
                0x000000000000023e                __vector_89
                0x000000000000023e                __vector_108
                0x000000000000023e                __vector_4
                0x000000000000023e                __vector_82
                0x000000000000023e                __vector_106
                0x000000000000023e                __vector_118
                0x000000000000023e                __vector_51
                0x000000000000023e                __vector_9
                0x000000000000023e                __vector_2
                0x000000000000023e                __vector_21
                0x000000000000023e                __vector_15
                0x000000000000023e                __vector_66
                0x000000000000023e                __vector_36
                0x000000000000023e                __vector_79
                0x000000000000023e                __vector_58
                0x000000000000023e                __vector_70
                0x000000000000023e                __vector_83
                0x000000000000023e                __vector_29
                0x000000000000023e                __vector_60
                0x000000000000023e                __vector_121
                0x000000000000023e                __vector_40
                0x000000000000023e                __vector_85
                0x000000000000023e                __vector_94
                0x000000000000023e                __vector_126
                0x000000000000023e                __vector_8
                0x000000000000023e                __vector_26
                0x000000000000023e                __vector_48
                0x000000000000023e                __vector_124
                0x000000000000023e                __vector_116
                0x000000000000023e                __vector_112
                0x000000000000023e                __vector_111
                0x000000000000023e                __vector_80
                0x000000000000023e                __vector_84
                0x000000000000023e                __vector_57
                0x000000000000023e                __vector_53
                0x000000000000023e                __vector_10
                0x000000000000023e                __vector_50
                0x000000000000023e                __vector_16
                0x000000000000023e                __vector_59
                0x000000000000023e                __vector_18
                0x000000000000023e                __vector_97
                0x000000000000023e                __vector_20
                0x000000000000023e                __vector_42
                0x000000000000023e                __vector_87
                0x000000000000023e                __vector_65
                0x0000000000000242                . = ALIGN (0x2)
 *(.text.*)
 .text.console_init
                0x0000000000000242       0x60 build/console.o
                0x0000000000000242                console_init
 .text.console_rts_clr
                0x00000000000002a2        0xa build/console.o
                0x00000000000002a2                console_rts_clr
 .text.console_cts_enable
                0x00000000000002ac        0x8 build/console.o
                0x00000000000002ac                console_cts_enable
 .text.console_print
                0x00000000000002b4       0x4e build/console.o
                0x00000000000002b4                console_print
 .text.__vector_120
                0x0000000000000302       0x54 build/console.o
                0x0000000000000302                __vector_120
 .text.__vector_119
                0x0000000000000356       0x54 build/console.o
                0x0000000000000356                __vector_119
 .text.__vector_104
                0x00000000000003aa       0x54 build/console.o
                0x00000000000003aa                __vector_104
 .text.TC0_ConfigClockSource
                0x00000000000003fe        0xc build/TC_driver.o
                0x00000000000003fe                TC0_ConfigClockSource
 .text.TC0_ConfigWGM
                0x000000000000040a        0xc build/TC_driver.o
                0x000000000000040a                TC0_ConfigWGM
 .text.TC0_SetOverflowIntLevel
                0x0000000000000416        0xc build/TC_driver.o
                0x0000000000000416                TC0_SetOverflowIntLevel
 .text.CLKSYS_XOSC_Config
                0x0000000000000422       0x14 build/clksys_driver.o
                0x0000000000000422                CLKSYS_XOSC_Config
 .text.CLKSYS_PLL_Config
                0x0000000000000436        0xa build/clksys_driver.o
                0x0000000000000436                CLKSYS_PLL_Config
 .text.CLKSYS_Disable
                0x0000000000000440       0x14 build/clksys_driver.o
                0x0000000000000440                CLKSYS_Disable
 .text.PORT_ConfigureInterrupt0
                0x0000000000000454        0xe build/port_driver.o
                0x0000000000000454                PORT_ConfigureInterrupt0
 .text.PORT_ConfigureInterrupt1
                0x0000000000000462        0xe build/port_driver.o
                0x0000000000000462                PORT_ConfigureInterrupt1
 .text.PORT_ConfigurePins
                0x0000000000000470       0x32 build/port_driver.o
                0x0000000000000470                PORT_ConfigurePins
 .text.SPI_MasterInit
                0x00000000000004a2       0x58 build/spi_driver.o
                0x00000000000004a2                SPI_MasterInit
 .text.USART_InterruptDriver_Initialize
                0x00000000000004fa       0x20 build/usart_driver.o
                0x00000000000004fa                USART_InterruptDriver_Initialize
 .text.USART_FlowControl_Initialize
                0x000000000000051a       0x34 build/usart_driver.o
                0x000000000000051a                USART_FlowControl_Initialize
 .text.USART_CTS_Enable
                0x000000000000054e       0x1e build/usart_driver.o
                0x000000000000054e                USART_CTS_Enable
 .text.USART_CTS_Read
                0x000000000000056c       0x30 build/usart_driver.o
                0x000000000000056c                USART_CTS_Read
 .text.USART_RTS_Set
                0x000000000000059c       0x28 build/usart_driver.o
                0x000000000000059c                USART_RTS_Set
 .text.USART_TXBuffer_FreeSpace
                0x00000000000005c4       0x1a build/usart_driver.o
                0x00000000000005c4                USART_TXBuffer_FreeSpace
 .text.USART_TXBuffer_PutByte
                0x00000000000005de       0x42 build/usart_driver.o
                0x00000000000005de                USART_TXBuffer_PutByte
 .text.USART_RXComplete
                0x0000000000000620       0x3a build/usart_driver.o
                0x0000000000000620                USART_RXComplete
 .text.USART_DataRegEmpty
                0x000000000000065a       0x5c build/usart_driver.o
                0x000000000000065a                USART_DataRegEmpty
 .text.USART_ClearToSend
                0x00000000000006b6       0x78 build/usart_driver.o
                0x00000000000006b6                USART_ClearToSend
 .text.fpga_init
                0x000000000000072e       0x3e build/fpga.o
                0x000000000000072e                fpga_init
 .text.__vector_64
                0x000000000000076c       0xb2 build/fpga.o
                0x000000000000076c                __vector_64
 .text.__vector_44
                0x000000000000081e       0x14 build/fpga.o
                0x000000000000081e                __vector_44
 .text.io_init  0x0000000000000832      0x146 build/io.o
                0x0000000000000832                io_init
 .text.__vector_43
                0x0000000000000978      0x100 build/io.o
                0x0000000000000978                __vector_43
 .text.startup.main
                0x0000000000000a78      0x146 build/main.o
                0x0000000000000a78                main
 .text.system_init
                0x0000000000000bbe       0x32 build/system.o
                0x0000000000000bbe                system_init
 .text.system_deinit
                0x0000000000000bf0        0x2 build/system.o
                0x0000000000000bf0                system_deinit
 .text.system_eeprom_get
                0x0000000000000bf2        0xa build/system.o
                0x0000000000000bf2                system_eeprom_get
 .text.system_status_get
                0x0000000000000bfc        0x6 build/system.o
                0x0000000000000bfc                system_status_get
 .text.system_timers_get
                0x0000000000000c02        0x6 build/system.o
                0x0000000000000c02                system_timers_get
 .text.io_led_system_fail_update
                0x0000000000000c08       0x20 build/timer.o
 .text.timer_init
                0x0000000000000c28       0x34 build/timer.o
                0x0000000000000c28                timer_init
 .text.timer_tc_set_state
                0x0000000000000c5c        0x6 build/timer.o
                0x0000000000000c5c                timer_tc_set_state
 .text.timer_tc_set_value_ms
                0x0000000000000c62        0x8 build/timer.o
                0x0000000000000c62                timer_tc_set_value_ms
 .text.__vector_14
                0x0000000000000c6a      0x236 build/timer.o
                0x0000000000000c6a                __vector_14
 .text.avr-libc
                0x0000000000000ea0       0x66 /usr/lib/gcc/avr/5.4.0/../../../avr/lib/avrxmega6/libc.a(vsnprintf.o)
                0x0000000000000ea0                vsnprintf
 .text.avr-libc
                0x0000000000000f06      0x408 /usr/lib/gcc/avr/5.4.0/../../../avr/lib/avrxmega6/libc.a(vfprintf_std.o)
                0x0000000000000f06                vfprintf
 .text.avr-libc
                0x000000000000130e       0x16 /usr/lib/gcc/avr/5.4.0/../../../avr/lib/avrxmega6/libc.a(strnlen_P.o)
                0x000000000000130e                strnlen_P
 .text.avr-libc
                0x0000000000001324       0x16 /usr/lib/gcc/avr/5.4.0/../../../avr/lib/avrxmega6/libc.a(strnlen.o)
                0x0000000000001324                strnlen
 .text.avr-libc
                0x000000000000133a       0x78 /usr/lib/gcc/avr/5.4.0/../../../avr/lib/avrxmega6/libc.a(fputc.o)
                0x000000000000133a                fputc
 .text.avr-libc
                0x00000000000013b2       0xbc /usr/lib/gcc/avr/5.4.0/../../../avr/lib/avrxmega6/libc.a(ultoa_invert.o)
                0x00000000000013b2                __ultoa_invert
                0x000000000000146e                . = ALIGN (0x2)
 *(.fini9)
 .fini9         0x000000000000146e        0x0 /usr/lib/gcc/avr/5.4.0/avrxmega6/libgcc.a(_exit.o)
                0x000000000000146e                exit
                0x000000000000146e                _exit
 *(.fini9)
 *(.fini8)
 *(.fini8)
 *(.fini7)
 *(.fini7)
 *(.fini6)
 *(.fini6)
 *(.fini5)
 *(.fini5)
 *(.fini4)
 *(.fini4)
 *(.fini3)
 *(.fini3)
 *(.fini2)
 *(.fini2)
 *(.fini1)
 *(.fini1)
 *(.fini0)
 .fini0         0x000000000000146e        0x4 /usr/lib/gcc/avr/5.4.0/avrxmega6/libgcc.a(_exit.o)
 *(.fini0)
                0x0000000000001472                _etext = .

.data           0x0000000000802000       0x2a load address 0x0000000000001472
                0x0000000000802000                PROVIDE (__data_start, .)
 *(.data)
 *(.data*)
 .data.ssPort   0x0000000000802000        0x2 build/fpga.o
                0x0000000000802000                ssPort
 .data.p_ee_params
                0x0000000000802002        0x2 build/system.o
                0x0000000000802002                p_ee_params
 .data.report_cnt
                0x0000000000802004        0x2 build/timer.o
                0x0000000000802004                report_cnt
 *(.gnu.linkonce.d*)
 *(.rodata)
 *(.rodata*)
 .rodata.str1.1
                0x0000000000802006       0x24 build/main.o
 *(.gnu.linkonce.r*)
                0x000000000080202a                . = ALIGN (0x2)
                0x000000000080202a                _edata = .
                0x000000000080202a                PROVIDE (__data_end, .)

.bss            0x000000000080202a      0x1a6
                0x000000000080202a                PROVIDE (__bss_start, .)
 *(.bss)
 *(.bss*)
 .bss.vsprintf_buf
                0x000000000080202a      0x100 build/console.o
 .bss.system_timers
                0x000000000080212a        0x9 build/system.o
                0x000000000080212a                system_timers
 .bss.system_status
                0x0000000000802133        0x7 build/system.o
                0x0000000000802133                system_status
 .bss.b_report_rdy
                0x000000000080213a        0x1 build/timer.o
                0x000000000080213a                b_report_rdy
 *(COMMON)
 COMMON         0x000000000080213b       0x8e build/console.o
                0x000000000080213b                USART_data
 COMMON         0x00000000008021c9        0x7 build/fpga.o
                0x00000000008021c9                spiMasterC
                0x00000000008021d0                PROVIDE (__bss_end, .)
                0x0000000000001472                __data_load_start = LOADADDR (.data)
                0x000000000000149c                __data_load_end = (__data_load_start + SIZEOF (.data))

.noinit         0x00000000008021d0        0x0
                [!provide]                        PROVIDE (__noinit_start, .)
 *(.noinit*)
                [!provide]                        PROVIDE (__noinit_end, .)
                0x00000000008021d0                _end = .
                [!provide]                        PROVIDE (__heap_start, .)

.eeprom         0x0000000000810000        0x0
 *(.eeprom*)
                0x0000000000810000                __eeprom_end = .

.fuse
 *(.fuse)
 *(.lfuse)
 *(.hfuse)
 *(.efuse)

.lock
 *(.lock*)

.signature
 *(.signature*)

.user_signatures
 *(.user_signatures*)

.stab           0x0000000000000000     0x5acc
 *(.stab)
 .stab          0x0000000000000000     0x1a1c build/console.o
                                       0x1a94 (size before relaxing)
 .stab          0x0000000000001a1c      0x528 build/TC_driver.o
                                       0x1e3c (size before relaxing)
 .stab          0x0000000000001f44      0x4a4 build/clksys_driver.o
                                       0x1a4c (size before relaxing)
 .stab          0x00000000000023e8      0x558 build/port_driver.o
                                       0x1980 (size before relaxing)
 .stab          0x0000000000002940      0x4bc build/spi_driver.o
                                       0x1ddc (size before relaxing)
 .stab          0x0000000000002dfc      0xbc4 build/usart_driver.o
                                       0x2184 (size before relaxing)
 .stab          0x00000000000039c0      0x570 build/fpga.o
                                       0x19a4 (size before relaxing)
 .stab          0x0000000000003f30      0x6a8 build/io.o
                                       0x19d4 (size before relaxing)
 .stab          0x00000000000045d8      0x660 build/main.o
                                       0x1a34 (size before relaxing)
 .stab          0x0000000000004c38      0x588 build/system.o
                                       0x19a4 (size before relaxing)
 .stab          0x00000000000051c0      0x90c build/timer.o
                                       0x1c44 (size before relaxing)

.stabstr        0x0000000000000000    0x1073d
 *(.stabstr)
 .stabstr       0x0000000000000000    0x1073d build/console.o

.stab.excl
 *(.stab.excl)

.stab.exclstr
 *(.stab.exclstr)

.stab.index
 *(.stab.index)

.stab.indexstr
 *(.stab.indexstr)

.comment        0x0000000000000000       0x11
 *(.comment)
 .comment       0x0000000000000000       0x11 build/console.o
                                         0x12 (size before relaxing)
 .comment       0x0000000000000011       0x12 build/TC_driver.o
 .comment       0x0000000000000011       0x12 build/clksys_driver.o
 .comment       0x0000000000000011       0x12 build/port_driver.o
 .comment       0x0000000000000011       0x12 build/spi_driver.o
 .comment       0x0000000000000011       0x12 build/usart_driver.o
 .comment       0x0000000000000011       0x12 build/fpga.o
 .comment       0x0000000000000011       0x12 build/io.o
 .comment       0x0000000000000011       0x12 build/main.o
 .comment       0x0000000000000011       0x12 build/system.o
 .comment       0x0000000000000011       0x12 build/timer.o
 .comment       0x0000000000000011       0x12 /usr/lib/gcc/avr/5.4.0/../../../avr/lib/avrxmega6/libc.a(vsnprintf.o)
 .comment       0x0000000000000011       0x12 /usr/lib/gcc/avr/5.4.0/../../../avr/lib/avrxmega6/libc.a(vfprintf_std.o)
 .comment       0x0000000000000011       0x12 /usr/lib/gcc/avr/5.4.0/../../../avr/lib/avrxmega6/libc.a(fputc.o)

.note.gnu.avr.deviceinfo
                0x0000000000000000       0x40
 .note.gnu.avr.deviceinfo
                0x0000000000000000       0x40 /usr/lib/gcc/avr/5.4.0/../../../avr/lib/avrxmega6/crtatxmega128a3u.o

.note.gnu.build-id
 *(.note.gnu.build-id)

.debug
 *(.debug)

.line
 *(.line)

.debug_srcinfo
 *(.debug_srcinfo)

.debug_sfnames
 *(.debug_sfnames)

.debug_aranges
 *(.debug_aranges)

.debug_pubnames
 *(.debug_pubnames)

.debug_info     0x0000000000000000     0x3409
 *(.debug_info .gnu.linkonce.wi.*)
 .debug_info    0x0000000000000000     0x3409 /usr/lib/gcc/avr/5.4.0/../../../avr/lib/avrxmega6/crtatxmega128a3u.o

.debug_abbrev   0x0000000000000000     0x3148
 *(.debug_abbrev)
 .debug_abbrev  0x0000000000000000     0x3148 /usr/lib/gcc/avr/5.4.0/../../../avr/lib/avrxmega6/crtatxmega128a3u.o

.debug_line     0x0000000000000000       0x1a
 *(.debug_line .debug_line.* .debug_line_end)
 .debug_line    0x0000000000000000       0x1a /usr/lib/gcc/avr/5.4.0/../../../avr/lib/avrxmega6/crtatxmega128a3u.o

.debug_frame
 *(.debug_frame)

.debug_str      0x0000000000000000     0x223b
 *(.debug_str)
 .debug_str     0x0000000000000000     0x223b /usr/lib/gcc/avr/5.4.0/../../../avr/lib/avrxmega6/crtatxmega128a3u.o

.debug_loc
 *(.debug_loc)

.debug_macinfo
 *(.debug_macinfo)

.debug_weaknames
 *(.debug_weaknames)

.debug_funcnames
 *(.debug_funcnames)

.debug_typenames
 *(.debug_typenames)

.debug_varnames
 *(.debug_varnames)

.debug_pubtypes
 *(.debug_pubtypes)

.debug_ranges
 *(.debug_ranges)

.debug_macro
 *(.debug_macro)
OUTPUT(bin/alice_pm12.elf elf32-avr)
LOAD linker stubs
